// Jest Snapshot v1, https://goo.gl/fbAQLP

exports[`generator-hackerrank:app task file content is correct 1`] = `
"const solve = (n) => {
  // Put your solution here
  return n;
};

module.exports = { solve };
"
`;

exports[`generator-hackerrank:app test file content is correct 1`] = `
"const { solve } = require('./Sample Task');

describe('Sample Task', () => {
  const examples = [

    {
      query: [1, 2, 3]
      answer: 5,
    },

  ];

  examples.forEach(({ query, answer }, i) => {
    it(\`should solve example \${i}\`, () => {
      expect(solve(query)).toEqual(answer);
    });
  });
});
"
`;
